time="2026-09-30T14:35:56+08:00" level=warning msg="The \"CERTBOT_EMAIL\" variable is not set. Defaulting to a blank string."
time="2026-09-30T14:35:56+08:00" level=warning msg="The \"CERTBOT_DOMAIN\" variable is not set. Defaulting to a blank string."
time="2026-09-30T14:35:56+08:00" level=warning msg="The \"DB_PASSWORD\" variable is not set. Defaulting to a blank string."
time="2026-09-30T14:35:56+08:00" level=warning msg="The \"SECRET_KEY\" variable is not set. Defaulting to a blank string."
Upgrading upstream migration chain
/app/api/.venv/lib/python3.12/site-packages/aliyun/log/etl_core/trans_comp/trans_json.py:76: SyntaxWarning: invalid escape sequence '\.'
  :param include_path: path to expand and include. regex string to match from begin. using '|' for multiple ones. default is all. e.g. r"data\.k1", all sub-keys in data.k1 will be included.
/app/api/.venv/lib/python3.12/site-packages/aliyun/log/logtail_config_detail.py:128: SyntaxWarning: invalid escape sequence '\*'
  :param file_pattern: the log file name pattern, e.g \*.LOG , access.log
/app/api/.venv/lib/python3.12/site-packages/aliyun/log/logtail_config_detail.py:463: SyntaxWarning: invalid escape sequence '\w'
  :param topicFormat: "none", "group_topic" or regex to extract value from file path e.g. "/test/(\w+).log" will extract each file as topic, default is "none"
/app/api/.venv/lib/python3.12/site-packages/aliyun/log/logtail_config_detail.py:542: SyntaxWarning: invalid escape sequence '\w'
  :param topicFormat: "none", "group_topic" or regex to extract value from file path e.g. "/test/(\w+).log" will extract each file as topic, default is "none"
/app/api/.venv/lib/python3.12/site-packages/aliyun/log/logtail_config_detail.py:627: SyntaxWarning: invalid escape sequence '\w'
  :param topicFormat: "none", "group_topic" or regex to extract value from file path e.g. "/test/(\w+).log" will extract each file as topic, default is "none"
/app/api/.venv/lib/python3.12/site-packages/aliyun/log/logtail_config_detail.py:723: SyntaxWarning: invalid escape sequence '\w'
  :param topicFormat: "none", "group_topic" or regex to extract value from file path e.g. "/test/(\w+).log" will extract each file as topic, default is "none"
/app/api/.venv/lib/python3.12/site-packages/aliyun/log/logtail_config_detail.py:815: SyntaxWarning: invalid escape sequence '\w'
  :param topicFormat: "none", "group_topic" or regex to extract value from file path e.g. "/test/(\w+).log" will extract each file as topic, default is "none"
/app/api/.venv/lib/python3.12/site-packages/aliyun/log/logtail_config_detail.py:901: SyntaxWarning: invalid escape sequence '\w'
  :param topicFormat: "none", "group_topic" or regex to extract value from file path e.g. "/test/(\w+).log" will extract each file as topic, default is "none"
/app/api/.venv/lib/python3.12/site-packages/aliyun/log/logger_hanlder.py:230: SyntaxWarning: invalid escape sequence '\s'
  p2 = u'(?!{0})([\u4e00-\u9fa5\u0800-\u4e00\\w\\.\\-]+)\\s*{0}\\s*"\s*([^"]+?)\s*"'
DEBUG:celery.utils.functional:
def send_workflow_comment_mention_email_task(language, to, mentioned_name, commenter_name, app_name, comment_content, app_url):
    return 1

DEBUG:celery.utils.functional:
def document_indexing_sync_task(dataset_id, document_id):
    return 1

DEBUG:celery.utils.functional:
def batch_create_segment_to_index_task(*args, **kwargs):
    return 1

Traceback (most recent call last):
  File "/app/api/.venv/lib/python3.12/site-packages/sqlalchemy/engine/base.py", line 143, in __init__
    self._dbapi_connection = engine.raw_connection()
                             ^^^^^^^^^^^^^^^^^^^^^^^
  File "/app/api/.venv/lib/python3.12/site-packages/sqlalchemy/engine/base.py", line 3317, in raw_connection
    return self.pool.connect()
           ^^^^^^^^^^^^^^^^^^^
  File "/app/api/.venv/lib/python3.12/site-packages/sqlalchemy/pool/base.py", line 448, in connect
    return _ConnectionFairy._checkout(self)
           ^^^^^^^^^^^^^^^^^^^^^^^^^^^^^^^^
  File "/app/api/.venv/lib/python3.12/site-packages/sqlalchemy/pool/base.py", line 1272, in _checkout
    fairy = _ConnectionRecord.checkout(pool)
            ^^^^^^^^^^^^^^^^^^^^^^^^^^^^^^^^
  File "/app/api/.venv/lib/python3.12/site-packages/sqlalchemy/pool/base.py", line 712, in checkout
    rec = pool._do_get()
          ^^^^^^^^^^^^^^
  File "/app/api/.venv/lib/python3.12/site-packages/sqlalchemy/pool/impl.py", line 177, in _do_get
    with util.safe_reraise():
         ^^^^^^^^^^^^^^^^^^^
  File "/app/api/.venv/lib/python3.12/site-packages/sqlalchemy/util/langhelpers.py", line 121, in __exit__
    raise exc_value.with_traceback(exc_tb)
  File "/app/api/.venv/lib/python3.12/site-packages/sqlalchemy/pool/impl.py", line 175, in _do_get
    return self._create_connection()
           ^^^^^^^^^^^^^^^^^^^^^^^^^
  File "/app/api/.venv/lib/python3.12/site-packages/sqlalchemy/pool/base.py", line 389, in _create_connection
    return _ConnectionRecord(self)
           ^^^^^^^^^^^^^^^^^^^^^^^
  File "/app/api/.venv/lib/python3.12/site-packages/sqlalchemy/pool/base.py", line 674, in __init__
    self.__connect()
  File "/app/api/.venv/lib/python3.12/site-packages/sqlalchemy/pool/base.py", line 900, in __connect
    with util.safe_reraise():
         ^^^^^^^^^^^^^^^^^^^
  File "/app/api/.venv/lib/python3.12/site-packages/sqlalchemy/util/langhelpers.py", line 121, in __exit__
    raise exc_value.with_traceback(exc_tb)
  File "/app/api/.venv/lib/python3.12/site-packages/sqlalchemy/pool/base.py", line 896, in __connect
    self.dbapi_connection = connection = pool._invoke_creator(self)
                                         ^^^^^^^^^^^^^^^^^^^^^^^^^^
  File "/app/api/.venv/lib/python3.12/site-packages/sqlalchemy/engine/create.py", line 667, in connect
    return dialect.connect(*cargs_tup, **cparams)
           ^^^^^^^^^^^^^^^^^^^^^^^^^^^^^^^^^^^^^^
  File "/app/api/.venv/lib/python3.12/site-packages/sqlalchemy/engine/default.py", line 630, in connect
    return self.loaded_dbapi.connect(*cargs, **cparams)  # type: ignore[no-any-return]  # NOQA: E501
           ^^^^^^^^^^^^^^^^^^^^^^^^^^^^^^^^^^^^^^^^^^^^
  File "/app/api/.venv/lib/python3.12/site-packages/pymysql/connections.py", line 365, in __init__
    self.connect()
  File "/app/api/.venv/lib/python3.12/site-packages/pymysql/connections.py", line 681, in connect
    self._request_authentication()
  File "/app/api/.venv/lib/python3.12/site-packages/pymysql/connections.py", line 958, in _request_authentication
    auth_packet = self._read_packet()
                  ^^^^^^^^^^^^^^^^^^^
  File "/app/api/.venv/lib/python3.12/site-packages/pymysql/connections.py", line 782, in _read_packet
    packet.raise_for_error()
  File "/app/api/.venv/lib/python3.12/site-packages/pymysql/protocol.py", line 219, in raise_for_error
    err.raise_mysql_exception(self._data)
  File "/app/api/.venv/lib/python3.12/site-packages/pymysql/err.py", line 150, in raise_mysql_exception
    raise errorclass(errno, errval)
pymysql.err.OperationalError: (1045, "Access denied for user 'root'@'172.31.0.3' (using password: [REDACTED]

The above exception was the direct cause of the following exception:

Traceback (most recent call last):
  File "/app/api/.venv/bin/flask", line 10, in <module>
    sys.exit(main())
             ^^^^^^
  File "/app/api/.venv/lib/python3.12/site-packages/flask/cli.py", line 1131, in main
    cli.main()
  File "/app/api/.venv/lib/python3.12/site-packages/click/core.py", line 1490, in main
    rv = self.invoke(ctx)
         ^^^^^^^^^^^^^^^^
  File "/app/api/.venv/lib/python3.12/site-packages/click/core.py", line 1970, in invoke
    return _process_result(sub_ctx.command.invoke(sub_ctx))
                           ^^^^^^^^^^^^^^^^^^^^^^^^^^^^^^^
  File "/app/api/.venv/lib/python3.12/site-packages/click/core.py", line 1970, in invoke
    return _process_result(sub_ctx.command.invoke(sub_ctx))
                           ^^^^^^^^^^^^^^^^^^^^^^^^^^^^^^^
  File "/app/api/.venv/lib/python3.12/site-packages/click/core.py", line 1353, in invoke
    return ctx.invoke(self.callback, **ctx.params)
           ^^^^^^^^^^^^^^^^^^^^^^^^^^^^^^^^^^^^^^^
  File "/app/api/.venv/lib/python3.12/site-packages/click/core.py", line 907, in invoke
    return callback(*args, **kwargs)
           ^^^^^^^^^^^^^^^^^^^^^^^^^
  File "/app/api/.venv/lib/python3.12/site-packages/click/decorators.py", line 34, in new_func
    return f(get_current_context(), *args, **kwargs)
           ^^^^^^^^^^^^^^^^^^^^^^^^^^^^^^^^^^^^^^^^^
  File "/app/api/.venv/lib/python3.12/site-packages/flask/cli.py", line 400, in decorator
    return ctx.invoke(f, *args, **kwargs)
           ^^^^^^^^^^^^^^^^^^^^^^^^^^^^^^
  File "/app/api/.venv/lib/python3.12/site-packages/click/core.py", line 907, in invoke
    return callback(*args, **kwargs)
           ^^^^^^^^^^^^^^^^^^^^^^^^^
  File "/app/api/.venv/lib/python3.12/site-packages/flask_migrate/cli.py", line 157, in upgrade
    _upgrade(directory or g.directory, revision, sql, tag, x_arg or g.x_arg)
  File "/app/api/.venv/lib/python3.12/site-packages/flask_migrate/__init__.py", line 111, in wrapped
    f(*args, **kwargs)
  File "/app/api/.venv/lib/python3.12/site-packages/flask_migrate/__init__.py", line 200, in upgrade
    command.upgrade(config, revision, sql=sql, tag=tag)
  File "/app/api/.venv/lib/python3.12/site-packages/alembic/command.py", line 483, in upgrade
    script.run_env()
  File "/app/api/.venv/lib/python3.12/site-packages/alembic/script/base.py", line 545, in run_env
    util.load_python_file(self.dir, "env.py")
  File "/app/api/.venv/lib/python3.12/site-packages/alembic/util/pyfiles.py", line 116, in load_python_file
    module = load_module_py(module_id, path)
             ^^^^^^^^^^^^^^^^^^^^^^^^^^^^^^^
  File "/app/api/.venv/lib/python3.12/site-packages/alembic/util/pyfiles.py", line 136, in load_module_py
    spec.loader.exec_module(module)  # type: ignore
    ^^^^^^^^^^^^^^^^^^^^^^^^^^^^^^^
  File "<frozen importlib._bootstrap_external>", line 999, in exec_module
  File "<frozen importlib._bootstrap>", line 488, in _call_with_frames_removed
  File "/app/api/migrations/env.py", line 111, in <module>
    run_migrations_online()
  File "/app/api/migrations/env.py", line 95, in run_migrations_online
    with connectable.connect() as connection:
         ^^^^^^^^^^^^^^^^^^^^^
  File "/app/api/.venv/lib/python3.12/site-packages/sqlalchemy/engine/base.py", line 3293, in connect
    return self._connection_cls(self)
           ^^^^^^^^^^^^^^^^^^^^^^^^^^
  File "/app/api/.venv/lib/python3.12/site-packages/sqlalchemy/engine/base.py", line 145, in __init__
    Connection._handle_dbapi_exception_noconnection(
  File "/app/api/.venv/lib/python3.12/site-packages/sqlalchemy/engine/base.py", line 2448, in _handle_dbapi_exception_noconnection
    raise sqlalchemy_exception.with_traceback(exc_info[2]) from e
  File "/app/api/.venv/lib/python3.12/site-packages/sqlalchemy/engine/base.py", line 143, in __init__
    self._dbapi_connection = engine.raw_connection()
                             ^^^^^^^^^^^^^^^^^^^^^^^
  File "/app/api/.venv/lib/python3.12/site-packages/sqlalchemy/engine/base.py", line 3317, in raw_connection
    return self.pool.connect()
           ^^^^^^^^^^^^^^^^^^^
  File "/app/api/.venv/lib/python3.12/site-packages/sqlalchemy/pool/base.py", line 448, in connect
    return _ConnectionFairy._checkout(self)
           ^^^^^^^^^^^^^^^^^^^^^^^^^^^^^^^^
  File "/app/api/.venv/lib/python3.12/site-packages/sqlalchemy/pool/base.py", line 1272, in _checkout
    fairy = _ConnectionRecord.checkout(pool)
            ^^^^^^^^^^^^^^^^^^^^^^^^^^^^^^^^
  File "/app/api/.venv/lib/python3.12/site-packages/sqlalchemy/pool/base.py", line 712, in checkout
    rec = pool._do_get()
          ^^^^^^^^^^^^^^
  File "/app/api/.venv/lib/python3.12/site-packages/sqlalchemy/pool/impl.py", line 177, in _do_get
    with util.safe_reraise():
         ^^^^^^^^^^^^^^^^^^^
  File "/app/api/.venv/lib/python3.12/site-packages/sqlalchemy/util/langhelpers.py", line 121, in __exit__
    raise exc_value.with_traceback(exc_tb)
  File "/app/api/.venv/lib/python3.12/site-packages/sqlalchemy/pool/impl.py", line 175, in _do_get
    return self._create_connection()
           ^^^^^^^^^^^^^^^^^^^^^^^^^
  File "/app/api/.venv/lib/python3.12/site-packages/sqlalchemy/pool/base.py", line 389, in _create_connection
    return _ConnectionRecord(self)
           ^^^^^^^^^^^^^^^^^^^^^^^
  File "/app/api/.venv/lib/python3.12/site-packages/sqlalchemy/pool/base.py", line 674, in __init__
    self.__connect()
  File "/app/api/.venv/lib/python3.12/site-packages/sqlalchemy/pool/base.py", line 900, in __connect
    with util.safe_reraise():
         ^^^^^^^^^^^^^^^^^^^
  File "/app/api/.venv/lib/python3.12/site-packages/sqlalchemy/util/langhelpers.py", line 121, in __exit__
    raise exc_value.with_traceback(exc_tb)
  File "/app/api/.venv/lib/python3.12/site-packages/sqlalchemy/pool/base.py", line 896, in __connect
    self.dbapi_connection = connection = pool._invoke_creator(self)
                                         ^^^^^^^^^^^^^^^^^^^^^^^^^^
  File "/app/api/.venv/lib/python3.12/site-packages/sqlalchemy/engine/create.py", line 667, in connect
    return dialect.connect(*cargs_tup, **cparams)
           ^^^^^^^^^^^^^^^^^^^^^^^^^^^^^^^^^^^^^^
  File "/app/api/.venv/lib/python3.12/site-packages/sqlalchemy/engine/default.py", line 630, in connect
    return self.loaded_dbapi.connect(*cargs, **cparams)  # type: ignore[no-any-return]  # NOQA: E501
           ^^^^^^^^^^^^^^^^^^^^^^^^^^^^^^^^^^^^^^^^^^^^
  File "/app/api/.venv/lib/python3.12/site-packages/pymysql/connections.py", line 365, in __init__
    self.connect()
  File "/app/api/.venv/lib/python3.12/site-packages/pymysql/connections.py", line 681, in connect
    self._request_authentication()
  File "/app/api/.venv/lib/python3.12/site-packages/pymysql/connections.py", line 958, in _request_authentication
    auth_packet = self._read_packet()
                  ^^^^^^^^^^^^^^^^^^^
  File "/app/api/.venv/lib/python3.12/site-packages/pymysql/connections.py", line 782, in _read_packet
    packet.raise_for_error()
  File "/app/api/.venv/lib/python3.12/site-packages/pymysql/protocol.py", line 219, in raise_for_error
    err.raise_mysql_exception(self._data)
  File "/app/api/.venv/lib/python3.12/site-packages/pymysql/err.py", line 150, in raise_mysql_exception
    raise errorclass(errno, errval)
sqlalchemy.exc.OperationalError: (pymysql.err.OperationalError) (1045, "Access denied for user 'root'@'172.31.0.3' (using password: [REDACTED]
(Background on this error at: https://sqlalche.me/e/20/e3q8)
Migration failed; preserve logs and inspect both version tables before recovery or retry.

migration_exit=1
