DEBUG:celery.utils.functional:
def send_workflow_comment_mention_email_task(language, to, mentioned_name, commenter_name, app_name, comment_content, app_url):
    return 1

DEBUG:celery.utils.functional:
def document_indexing_sync_task(dataset_id, document_id):
    return 1

DEBUG:celery.utils.functional:
def batch_create_segment_to_index_task(*args, **kwargs):
    return 1

Warning! You didn't set docs_url, redoc_url or openapi_url.
API Documentation will be skipped.
INFO  [alembic.runtime.migration] Context impl PostgresqlImpl.
INFO  [alembic.runtime.migration] Will assume transactional DDL.
INFO  [alembic.runtime.migration] Running upgrade  -> 001_recommended_list_sorted, recommended list sorted by usage frequency
INFO  [alembic.runtime.migration] Running upgrade 001_recommended_list_sorted -> 002_recommended_apps_category, add_recommended_apps_category_join_extend
INFO  [alembic.runtime.migration] Running upgrade 002_recommended_apps_category -> 003_tenant_model_sync_extend, add_tenant_model_sync_extend
INFO  [alembic.runtime.migration] Running upgrade 003_tenant_model_sync_extend -> 004_ai_billing_forwarding, ai billing and forwarding two extend
INFO  [alembic.runtime.migration] Running upgrade 004_ai_billing_forwarding -> 005_account_money_extend, add_account_money_extend
INFO  [alembic.runtime.migration] Running upgrade 005_account_money_extend -> 006_end_user_account_joins, add_end_user_account_joins_extend
INFO  [alembic.runtime.migration] Running upgrade 006_end_user_account_joins -> 007_account_money_monthly_stat, add_account_money_monthly_stat_extend
INFO  [alembic.runtime.migration] Running upgrade 007_account_money_monthly_stat -> 008_account_layover_record, add_account_layover_record_extend
INFO  [alembic.runtime.migration] Running upgrade 008_account_layover_record -> 009_api_token_money_extend, add_api_token_money_extend
INFO  [alembic.runtime.migration] Running upgrade 009_api_token_money_extend -> 010_system_integration_extend, add_system_integration_extend
INFO  [alembic.runtime.migration] Running upgrade 010_system_integration_extend -> 011_system_integration_fields, add_system_integration_extend_fields
INFO  [alembic.runtime.migration] Running upgrade 011_system_integration_fields -> 012_account_money_extend_unique, add_account_money_extend_unique_constraint
INFO  [alembic.runtime.migration] Running upgrade 012_account_money_extend_unique -> 013_app_extend, add_app_extend
INFO  [alembic.runtime.migration] Running upgrade 013_app_extend -> 014_message_context_extend, add_message_context_extend
INFO  [alembic.runtime.migration] Running upgrade 014_message_context_extend -> 015_code_execution_control, add_code_execution_control_extend
INFO  [alembic.runtime.migration] Running upgrade 015_code_execution_control -> 016_drop_gva_admin_tables, drop_gva_admin_tables
INFO  [alembic.runtime.migration] Running upgrade 016_drop_gva_admin_tables -> 017_migrate_recommended_cats, migrate_recommended_categories_to_native
INFO  [alembic.runtime.migration] Running upgrade 017_migrate_recommended_cats -> 018_drop_recommended_cats, drop_recommended_category_tables
INFO  [alembic.runtime.migration] Running upgrade 018_drop_recommended_cats -> 019_webapp_auth_switch, add_webapp_auth_enabled_to_app_extend
INFO  [alembic.runtime.migration] Running upgrade 019_webapp_auth_switch -> 020_workflow_run_account, Create Dify Plus workflow-run ownership metadata table.
